LAYER
  NAME "open"
  TYPE RASTER
  STATUS OFF
  CONNECTIONTYPE RASTER
  DATA "http://tile.openstreetmap.org/"
  DEBUG 5
  DUMP TRUE
  EXTENT -2.023788308E7 -2.023788308E7 2.023788308E7 2.023788308E7
  
  LABELCACHE OFF
  METADATA
    "wms_title" "open"
    "wms_name" "open"
    "wms_abstract" "open"
    "wms_extent" "-2.023788308E7 -2.023788308E7 2.023788308E7 2.023788308E7"
    "gml_include_items" "all"
  END
  POSTLABELCACHE FALSE
  TEMPLATE "."
END

LAYER
  NAME "ngbe"
  TYPE POINT
  STATUS ON
  CLASS
    NAME "ngbe"
    STATUS ON
    DEBUG ON
    
    STYLE
      COLOR 44 11 77
      OFFSET 0 0
      SIZE 4.0
      SYMBOL "ngbe-1"
    END
    
  END
  DATA "C:\Users\Elena\Desktop\pfc\ngbe.shp"
  DEBUG 5
  DUMP TRUE
  EXTENT -1349137.3450844653 333006.18741961016 4244231.64430727 5487688.9280563975
  
  LABELCACHE OFF
  METADATA
    "wms_title" "ngbe"
    "wms_name" "ngbe"
    "wms_abstract" "ngbe"
    "wms_extent" "-1349137.3450844653 333006.18741961016 4244231.64430727 5487688.9280563975"
    "wms_srs" "EPSG:4326"
    "gml_include_items" "all"
    "gml_geometries" "geometry"
    "gml_geometry_type" "point"
  END
  OPACITY 100
  POSTLABELCACHE FALSE
  PROJECTION
    "init=epsg:4326"
  END
  TEMPLATE "."
END

